<?xml version=\'1.0\' encoding=\'UTF-8\'?>\n<voe:VOEvent xmlns:xsi="http://www.w3.org/2001/XMLSchema-instance" xmlns:voe="http://www.ivoa.net/xml/VOEvent/v2.0" xsi:schemaLocation="http://www.ivoa.net/xml/VOEvent/v2.0 http://www.ivoa.net/xml/VOEvent/VOEvent-v2.0.xsd" version="2.0" role="observation" ivorn="ivo://gwnet/LVC#S200302c-1-Preliminary">\n  <Who>\n    <Date>2020-03-02T02:00:09</Date>\n    <Author>\n      <contactName>LIGO Scientific Collaboration and Virgo Collaboration</contactName>\n    </Author>\n  </Who>\n  <What>\n    <Param dataType="int" name="Packet_Type" value="150">\n      <Description>The Notice Type number is assigned/used within GCN, eg type=150 is an LVC_PRELIMINARY notice</Description>\n    </Param>\n    <Param dataType="int" name="internal" value="0">\n      <Description>Indicates whether this event should be distributed to LSC/Virgo members only</Description>\n    </Param>\n    <Param dataType="int" name="Pkt_Ser_Num" value="1">\n      <Description>A number that increments by 1 each time a new revision is issued for this event</Description>\n    </Param>\n    <Param dataType="string" name="GraceID" ucd="meta.id" value="S200302c">\n      <Description>Identifier in GraceDB</Description>\n    </Param>\n    <Param dataType="string" name="AlertType" ucd="meta.version" value="Preliminary">\n      <Description>VOEvent alert type</Description>\n    </Param>\n    <Param dataType="int" name="HardwareInj" ucd="meta.number" value="0">\n      <Description>Indicates that this event is a hardware injection if 1, no if 0</Description>\n    </Param>\n    <Param dataType="int" name="OpenAlert" ucd="meta.number" value="1">\n      <Description>Indicates that this event is an open alert if 1, no if 0</Description>\n    </Param>\n    <Param dataType="string" name="EventPage" ucd="meta.ref.url" value="https://gracedb.ligo.org/superevents/S200302c/view/">\n      <Description>Web page for evolving status of this GW candidate</Description>\n    </Param>\n    <Param dataType="string" name="Instruments" ucd="meta.code" value="H1,V1">\n      <Description>List of instruments used in analysis to identify this event</Description>\n    </Param>\n    <Param dataType="float" name="FAR" ucd="arith.rate;stat.falsealarm" unit="Hz" value="9.349090689402942e-09">\n      <Description>False alarm rate for GW candidates with this strength or greater</Description>\n    </Param>\n    <Param dataType="string" name="Group" ucd="meta.code" value="CBC">\n      <Description>Data analysis working group</Description>\n    </Param>\n    <Param dataType="string" name="Pipeline" ucd="meta.code" value="gstlal">\n      <Description>Low-latency data analysis pipeline</Description>\n    </Param>\n    <Param dataType="string" name="Search" ucd="meta.code" value="AllSky">\n      <Description>Specific low-latency search</Description>\n    </Param>\n    <Group name="GW_SKYMAP" type="GW_SKYMAP">\n      <Param dataType="string" name="skymap_fits" ucd="meta.ref.url" value="https://gracedb.ligo.org/api/superevents/S200302c/files/bayestar.fits.gz,0">\n        <Description>Sky Map FITS</Description>\n      </Param>\n    </Group>\n    <Group name="Classification" type="Classification">\n      <Param dataType="float" name="BNS" ucd="stat.probability" value="0.0">\n        <Description>Probability that the source is a binary neutron star merger (both objects lighter than 3 solar masses)</Description>\n      </Param>\n      <Param dataType="float" name="NSBH" ucd="stat.probability" value="0.0">\n        <Description>Probability that the source is a neutron star-black hole merger (primary heavier than 5 solar masses, secondary lighter than 3 solar masses)</Description>\n      </Param>\n      <Param dataType="float" name="BBH" ucd="stat.probability" value="0.8895532192171397">\n        <Description>Probability that the source is a binary black hole merger (both objects heavier than 5 solar masses)</Description>\n      </Param>\n      <Param dataType="float" name="MassGap" ucd="stat.probability" value="0.0">\n        <Description>Probability that the source has at least one object between 3 and 5 solar masses</Description>\n      </Param>\n      <Param dataType="float" name="Terrestrial" ucd="stat.probability" value="0.11044678078286028">\n        <Description>Probability that the source is terrestrial (i.e., a background noise fluctuation or a glitch)</Description>\n      </Param>\n      <Description>Source classification: binary neutron star (BNS), neutron star-black hole (NSBH), binary black hole (BBH), MassGap, or terrestrial (noise)</Description>\n    </Group>\n    <Group name="Properties" type="Properties">\n      <Param dataType="float" name="HasNS" ucd="stat.probability" value="0.0">\n        <Description>Probability that at least one object in the binary has a mass that is less than 3 solar masses</Description>\n      </Param>\n      <Param dataType="float" name="HasRemnant" ucd="stat.probability" value="0.0">\n        <Description>Probability that a nonzero mass was ejected outside the central remnant object</Description>\n      </Param>\n      <Description>Qualitative properties of the source, conditioned on the assumption that the signal is an astrophysical compact binary merger</Description>\n    </Group>\n  </What>\n  <WhereWhen>\n    <ObsDataLocation>\n      <ObservatoryLocation id="LIGO Virgo"/>\n      <ObservationLocation>\n        <AstroCoordSystem id="UTC-FK5-GEO"/>\n        <AstroCoords coord_system_id="UTC-FK5-GEO">\n          <Time unit="s">\n            <TimeInstant>\n              <ISOTime>2020-03-02T01:58:11.519119</ISOTime>\n            </TimeInstant>\n          </Time>\n        </AstroCoords>\n      </ObservationLocation>\n    </ObsDataLocation>\n  </WhereWhen>\n  <Description>Report of a candidate gravitational wave event</Description>\n  <How>\n    <Description>Candidate gravitational wave event identified by low-latency analysis</Description>\n    <Description>V1: Virgo 3 km gravitational wave detector</Description>\n    <Description>H1: LIGO Hanford 4 km gravitational wave detector</Description>\n  </How>\n</voe:VOEvent>\n