This is a sample blob message. It is unstructured and does not require special parsing.\n