{'arr': [1, 2, 3, 4], 'sub_objects': [{'a': 1, 'b': 2}, {'c': 3, 'd': 4}], 'thingy': {'foo': 'abc', 'bar': 22, 'baz': None, 'quux': {'xen': b'def', 'hom': [89, 46, 5], 'drel': 2.718}}, 'data': b'A\x00B\x04', 'logic': [True, False]}
